Microsoft Windows [Version 10.0.19044.2130]
(c) Microsoft Corporation. All rights reserved.

C:\Users\hp>git config --list
diff.astextplain.textconv=astextplain
filter.lfs.clean=git-lfs clean -- %f
filter.lfs.smudge=git-lfs smudge -- %f
filter.lfs.process=git-lfs filter-process
filter.lfs.required=true
http.sslbackend=openssl
http.sslcainfo=C:/Program Files/Git/mingw64/ssl/certs/ca-bundle.crt
core.autocrlf=true
core.fscache=true
core.symlinks=false
pull.rebase=false
credential.helper=manager-core
credential.https://dev.azure.com.usehttppath=true
init.defaultbranch=master
user.name=nama singkat Anda

C:\Users\hp>git config --global user.name calvin

C:\Users\hp>git config --global user.email albertus.calvin@ti.ukdw.ac.id

C:\Users\hp>git config --list
diff.astextplain.textconv=astextplain
filter.lfs.clean=git-lfs clean -- %f
filter.lfs.smudge=git-lfs smudge -- %f
filter.lfs.process=git-lfs filter-process
filter.lfs.required=true
http.sslbackend=openssl
http.sslcainfo=C:/Program Files/Git/mingw64/ssl/certs/ca-bundle.crt
core.autocrlf=true
core.fscache=true
core.symlinks=false
pull.rebase=false
credential.helper=manager-core
credential.https://dev.azure.com.usehttppath=true
init.defaultbranch=master
user.name=calvin
user.email=albertus.calvin@ti.ukdw.ac.id

C:\Users\hp>color 2

C:\Users\hp>color 1

C:\Users\hp>color 9

C:\Users\hp>colo4 7
'colo4' is not recognized as an internal or external command,
operable program or batch file.

C:\Users\hp>color 3

C:\Users\hp>color 6

C:\Users\hp>color 8

C:\Users\hp>color 7

C:\Users\hp>cd D:\Belajar Git

C:\Users\hp>D:

D:\Belajar Git>git init belajar-git
Initialized empty Git repository in D:/Belajar Git/belajar-git/.git/

D:\Belajar Git>cd belajar-git

D:\Belajar Git\belajar-git>git status
On branch master

No commits yet

nothing to commit (create/copy files and use "git add" to track)

D:\Belajar Git\belajar-git>git status
On branch master

No commits yet

Untracked files:
  (use "git add <file>..." to include in what will be committed)
        readme txt..txt

nothing added to commit but untracked files present (use "git add" to track)

D:\Belajar Git\belajar-git>git status
On branch master

No commits yet

Untracked files:
  (use "git add <file>..." to include in what will be committed)
        readme.txt

nothing added to commit but untracked files present (use "git add" to track)

D:\Belajar Git\belajar-git>git add readme.txt

D:\Belajar Git\belajar-git>git statuus
git: 'statuus' is not a git command. See 'git --help'.

The most similar command is
        status

D:\Belajar Git\belajar-git>git status
On branch master

No commits yet

Changes to be committed:
  (use "git rm --cached <file>..." to unstage)
        new file:   readme.txt


D:\Belajar Git\belajar-git>git commit -n "commit Pertama"
error: pathspec 'commit Pertama' did not match any file(s) known to git

D:\Belajar Git\belajar-git>git commit -n "commit pertama"
error: pathspec 'commit pertama' did not match any file(s) known to git

D:\Belajar Git\belajar-git>git commit -m "commit pertama"
[master (root-commit) 4560ca3] commit pertama
 1 file changed, 0 insertions(+), 0 deletions(-)
 create mode 100644 readme.txt

D:\Belajar Git\belajar-git>git status
On branch master
Changes not staged for commit:
  (use "git add <file>..." to update what will be committed)
  (use "git restore <file>..." to discard changes in working directory)
        modified:   readme.txt

no changes added to commit (use "git add" and/or "git commit -a")

D:\Belajar Git\belajar-git>git add readme.txt

D:\Belajar Git\belajar-git>git commit -m "commit kedua"
[master 0dd73b0] commit kedua
 1 file changed, 1 insertion(+)

D:\Belajar Git\belajar-git>git status
On branch master
nothing to commit, working tree clean

D:\Belajar Git\belajar-git>git status
On branch master
nothing to commit, working tree clean

D:\Belajar Git\belajar-git>git log
commit 0dd73b03c0a77239f2b755d814952e5ee25caa3e (HEAD -> master)
Author: calvin <albertus.calvin@ti.ukdw.ac.id>
Date:   Thu Nov 10 14:50:33 2022 +0700

    commit kedua

commit 4560ca38f01b467d678b162ccb5ea3517a99312d
Author: calvin <albertus.calvin@ti.ukdw.ac.id>
Date:   Thu Nov 10 14:46:06 2022 +0700

    commit pertama

D:\Belajar Git\belajar-git>git status
On branch master
Changes not staged for commit:
  (use "git add <file>..." to update what will be committed)
  (use "git restore <file>..." to discard changes in working directory)
        modified:   readme.txt

no changes added to commit (use "git add" and/or "git commit -a")

D:\Belajar Git\belajar-git>git add readme.txt

D:\Belajar Git\belajar-git>git commit -m "commit ketiga"
[master 002d035] commit ketiga
 1 file changed, 2 insertions(+)

D:\Belajar Git\belajar-git>git status
On branch master
nothing to commit, working tree clean

D:\Belajar Git\belajar-git>git status
On branch master
Changes not staged for commit:
  (use "git add <file>..." to update what will be committed)
  (use "git restore <file>..." to discard changes in working directory)
        modified:   readme.txt

no changes added to commit (use "git add" and/or "git commit -a")

D:\Belajar Git\belajar-git>git add readme.txt

D:\Belajar Git\belajar-git>git commit -m "commit keempat"
[master 162f0eb] commit keempat
 1 file changed, 4 insertions(+), 1 deletion(-)

D:\Belajar Git\belajar-git>git status
On branch master
nothing to commit, working tree clean

D:\Belajar Git\belajar-git>git add readme.txt

D:\Belajar Git\belajar-git>git status
On branch master
nothing to commit, working tree clean

D:\Belajar Git\belajar-git>
D:\Belajar Git\belajar-git>
D:\Belajar Git\belajar-git>
D:\Belajar Git\belajar-git>
D:\Belajar Git\belajar-git>
D:\Belajar Git\belajar-git>
D:\Belajar Git\belajar-git>
D:\Belajar Git\belajar-git>
D:\Belajar Git\belajar-git>
D:\Belajar Git\belajar-git>
D:\Belajar Git\belajar-git>
D:\Belajar Git\belajar-git>
D:\Belajar Git\belajar-git>
D:\Belajar Git\belajar-git>
D:\Belajar Git\belajar-git>
D:\Belajar Git\belajar-git>
D:\Belajar Git\belajar-git>
D:\Belajar Git\belajar-git>
D:\Belajar Git\belajar-git>
D:\Belajar Git\belajar-git>
D:\Belajar Git\belajar-git>
D:\Belajar Git\belajar-git>
D:\Belajar Git\belajar-git>
D:\Belajar Git\belajar-git>
D:\Belajar Git\belajar-git>
D:\Belajar Git\belajar-git>
D:\Belajar Git\belajar-git>
D:\Belajar Git\belajar-git>
D:\Belajar Git\belajar-git>
D:\Belajar Git\belajar-git>
D:\Belajar Git\belajar-git>
D:\Belajar Git\belajar-git>
D:\Belajar Git\belajar-git>
D:\Belajar Git\belajar-git>
D:\Belajar Git\belajar-git>
D:\Belajar Git\belajar-git>
D:\Belajar Git\belajar-git>
D:\Belajar Git\belajar-git>
D:\Belajar Git\belajar-git>
D:\Belajar Git\belajar-git>
D:\Belajar Git\belajar-git>
D:\Belajar Git\belajar-git>
D:\Belajar Git\belajar-git>
D:\Belajar Git\belajar-git>
D:\Belajar Git\belajar-git>
D:\Belajar Git\belajar-git>
D:\Belajar Git\belajar-git>
D:\Belajar Git\belajar-git>
D:\Belajar Git\belajar-git>git status
On branch master
Changes not staged for commit:
  (use "git add <file>..." to update what will be committed)
  (use "git restore <file>..." to discard changes in working directory)
        modified:   readme.txt

no changes added to commit (use "git add" and/or "git commit -a")

D:\Belajar Git\belajar-git>git add readme.txt

D:\Belajar Git\belajar-git>git commit -m "commit kelima"
[master 6620f8f] commit kelima
 1 file changed, 3 insertions(+)

D:\Belajar Git\belajar-git>git status
On branch master
nothing to commit, working tree clean

D:\Belajar Git\belajar-git>.git status
'.git' is not recognized as an internal or external command,
operable program or batch file.

D:\Belajar Git\belajar-git>git status
On branch master
Changes not staged for commit:
  (use "git add <file>..." to update what will be committed)
  (use "git restore <file>..." to discard changes in working directory)
        modified:   readme.txt

no changes added to commit (use "git add" and/or "git commit -a")

D:\Belajar Git\belajar-git>git add readme.txt

D:\Belajar Git\belajar-git>git commit -m "commit Keenam"
[master bff022e] commit Keenam
 1 file changed, 1 insertion(+), 1 deletion(-)

D:\Belajar Git\belajar-git>git status
On branch master
nothing to commit, working tree clean

D:\Belajar Git\belajar-git>git status
On branch master
Changes not staged for commit:
  (use "git add <file>..." to update what will be committed)
  (use "git restore <file>..." to discard changes in working directory)
        modified:   readme.txt

no changes added to commit (use "git add" and/or "git commit -a")

D:\Belajar Git\belajar-git>git add readme.txt

D:\Belajar Git\belajar-git>git commit -m "commit Ketujuh"
[master af4251c] commit Ketujuh
 1 file changed, 5 insertions(+), 1 deletion(-)

D:\Belajar Git\belajar-git>git status
On branch master
nothing to commit, working tree clean

D:\Belajar Git\belajar-git>git status
On branch master
Changes not staged for commit:
  (use "git add <file>..." to update what will be committed)
  (use "git restore <file>..." to discard changes in working directory)
        modified:   readme.txt

no changes added to commit (use "git add" and/or "git commit -a")

D:\Belajar Git\belajar-git>git add readme.txt

D:\Belajar Git\belajar-git>git commit -m "commit kedelapan"
[master eea4ba2] commit kedelapan
 1 file changed, 1 insertion(+), 1 deletion(-)

D:\Belajar Git\belajar-git>git status
On branch master
nothing to commit, working tree clean

D:\Belajar Git\belajar-git>git log
commit eea4ba2a4f5e71391824cbc1d80b822a691ed5f3 (HEAD -> master)
Author: calvin <albertus.calvin@ti.ukdw.ac.id>
Date:   Thu Nov 10 15:13:04 2022 +0700

    commit kedelapan

commit af4251cf2550715872c6d0625d36ca58cb3efce2
Author: calvin <albertus.calvin@ti.ukdw.ac.id>
commit eea4ba2a4f5e71391824cbc1d80b822a691ed5f3 (HEAD -> master)
Author: calvin <albertus.calvin@ti.ukdw.ac.id>
Date:   Thu Nov 10 15:13:04 2022 +0700

    commit kedelapan

commit af4251cf2550715872c6d0625d36ca58cb3efce2
Author: calvin <albertus.calvin@ti.ukdw.ac.id>
Date:   Thu Nov 10 15:11:37 2022 +0700

    commit Ketujuh

commit bff022e4874b7f8a59c39f2da66541b402e370f7
Author: calvin <albertus.calvin@ti.ukdw.ac.id>
Date:   Thu Nov 10 15:10:42 2022 +0700

    commit Keenam

commit 6620f8f2f15503624297634a6c8d4e132bfed3ec
Author: calvin <albertus.calvin@ti.ukdw.ac.id>
Date:   Thu Nov 10 15:09:08 2022 +0700

    commit kelima

commit 162f0eba5ab17257997cdbe47a22c566cd59c42d
Author: calvin <albertus.calvin@ti.ukdw.ac.id>
Date:   Thu Nov 10 15:06:08 2022 +0700

    commit keempat

commit 002d0352f6a95d0d0417be048069a9cadada86dd
Author: calvin <albertus.calvin@ti.ukdw.ac.id>
Date:   Thu Nov 10 15:03:46 2022 +0700

    commit ketiga

commit 0dd73b03c0a77239f2b755d814952e5ee25caa3e
Author: calvin <albertus.calvin@ti.ukdw.ac.id>
Date:   Thu Nov 10 14:50:33 2022 +0700

    commit kedua

commit 4560ca38f01b467d678b162ccb5ea3517a99312d
Author: calvin <albertus.calvin@ti.ukdw.ac.id>
Date:   Thu Nov 10 14:46:06 2022 +0700

    commit pertama
...skipping...

                   SUMMARY OF LESS COMMANDS

      Commands marked with * may be preceded by a number, N.
      Notes in parentheses indicate the behavior if N is given.
      A key preceded by a caret indicates the Ctrl key; thus ^K is ctrl-K.

  h  H                 Display this help.
  q  :q  Q  :Q  ZZ     Exit.
 ---------------------------------------------------------------------------

                           MOVING

  e  ^E  j  ^N  CR  *  Forward  one line   (or N lines).
  y  ^Y  k  ^K  ^P  *  Backward one line   (or N lines).
  f  ^F  ^V  SPACE  *  Forward  one window (or N lines).
  b  ^B  ESC-v      *  Backward one window (or N lines).
  z                 *  Forward  one window (and set window to N).
  w                 *  Backward one window (and set window to N).
  ESC-SPACE         *  Forward  one window, but don't stop at end-of-file.
  d  ^D             *  Forward  one half-window (and set half-window to N).
  u  ^U             *  Backward one half-window (and set half-window to N).
  ESC-)  RightArrow *  Right one half screen width (or N positions).
  ESC-(  LeftArrow  *  Left  one half screen width (or N positions).
  ESC-}  ^RightArrow   Right to last column displayed.
  ESC-{  ^LeftArrow    Left  to first column.
  F                    Forward forever; like "tail -f".
  ESC-F                Like F but stop when search pattern is found.
  r  ^R  ^L            Repaint screen.
  R                    Repaint screen, discarding buffered input.
        ---------------------------------------------------
        Default "window" is the screen height.
        Default "half-window" is half of the screen height.
 ---------------------------------------------------------------------------

                          SEARCHING

  /pattern          *  Search forward for (N-th) matching line.
  ?pattern          *  Search backward for (N-th) matching line.
  n                 *  Repeat previous search (for N-th occurrence).
  N                 *  Repeat previous search in reverse direction.
  ESC-n             *  Repeat previous search, spanning files.
  ESC-N             *  Repeat previous search, reverse dir. & spanning files.
  ESC-u                Undo (toggle) search highlighting.
  ESC-U                Clear search highlighting.
  &pattern          *  Display only matching lines.
        ---------------------------------------------------
        A search pattern may begin with one or more of:
        ^N or !  Search for NON-matching lines.
        ^E or *  Search multiple files (pass thru END OF FILE).
        ^F or @  Start search at FIRST file (for /) or last file (for ?).
        ^K       Highlight matches, but don't move (KEEP position).
        ^R       Don't use REGULAR EXPRESSIONS.
        ^W       WRAP search if no match found.
 ---------------------------------------------------------------------------

                           JUMPING

  g  <  ESC-<       *  Go to first line in file (or line N).
  G  >  ESC->       *  Go to last line in file (or line N).
  p  %              *  Go to beginning of file (or N percent into file).
  t                 *  Go to the (N-th) next tag.
  T                 *  Go to the (N-th) previous tag.
  {  (  [           *  Find close bracket } ) ].
  }  )  ]           *  Find open bracket { ( [.
  ESC-^F <c1> <c2>  *  Find close bracket <c2>.
  ESC-^B <c1> <c2>  *  Find open bracket <c1>.
        ---------------------------------------------------
        Each "find close bracket" command goes forward to the close bracket
          matching the (N-th) open bracket in the top line.
        Each "find open bracket" command goes backward to the open bracket
          matching the (N-th) close bracket in the bottom line.

  m<letter>            Mark the current top line with <letter>.
  M<letter>            Mark the current bottom line with <letter>.
  '<letter>            Go to a previously marked position.
  ''                   Go to the previous position.
  ^X^X                 Same as '.
  ESC-M<letter>        Clear a mark.
        ---------------------------------------------------
        A mark is any upper-case or lower-case letter.
        Certain marks are predefined:
             ^  means  beginning of the file
             $  means  end of the file
 ---------------------------------------------------------------------------

                        CHANGING FILES

  :e [file]            Examine a new file.
  ^X^V                 Same as :e.
  :n                *  Examine the (N-th) next file from the command line.
  :p                *  Examine the (N-th) previous file from the command line.
  :x                *  Examine the first (or N-th) file from the command line.
  :d                   Delete the current file from the command line list.
  =  ^G  :f            Print current file name.
 ---------------------------------------------------------------------------

                    MISCELLANEOUS COMMANDS

  -<flag>              Toggle a command line option [see OPTIONS below].
  --<name>             Toggle a command line option, by name.
  _<flag>              Display the setting of a command line option.
  __<name>             Display the setting of an option, by name.
  +cmd                 Execute the less cmd each time a new file is examined.

  !command             Execute the shell command with $SHELL.
  |Xcommand            Pipe file between current pos & mark X to shell command.
  s file               Save input to a file.
  v                    Edit the current file with $VISUAL or $EDITOR.
  V                    Print version number of "less".
 ---------------------------------------------------------------------------

                           OPTIONS

        Most options may be changed either on the command line,
        or from within less by using the - or -- command.
        Options may be given in one of two forms: either a single
        character preceded by a -, or a name preceded by --.

  -?  ........  --help
                  Display help (from command line).
  -a  ........  --search-skip-screen
                  Search skips current screen.
  -A  ........  --SEARCH-SKIP-SCREEN
                  Search starts just after target line.
  -b [N]  ....  --buffers=[N]
                  Number of buffers.
  -B  ........  --auto-buffers
                  Don't automatically allocate buffers for pipes.
  -c  ........  --clear-screen
                  Repaint by clearing rather than scrolling.
  -d  ........  --dumb
                  Dumb terminal.
  -D xcolor  .  --color=xcolor
                  Set screen colors.
  -e  -E  ....  --quit-at-eof  --QUIT-AT-EOF
                  Quit at end of file.
  -f  ........  --force
                  Force open non-regular files.
  -F  ........  --quit-if-one-screen
                  Quit if entire file fits on first screen.
  -g  ........  --hilite-search
                  Highlight only last match for searches.
  -G  ........  --HILITE-SEARCH
                  Don't highlight any matches for searches.
  -h [N]  ....  --max-back-scroll=[N]
                  Backward scroll limit.
  -i  ........  --ignore-case
                  Ignore case in searches that do not contain uppercase.
  -I  ........  --IGNORE-CASE
                  Ignore case in all searches.
  -j [N]  ....  --jump-target=[N]
                  Screen position of target lines.
  -J  ........  --status-column
                  Display a status column at left edge of screen.
  -k [file]  .  --lesskey-file=[file]
                  Use a lesskey file.
  -K  ........  --quit-on-intr
                  Exit less in response to ctrl-C.
  -L  ........  --no-lessopen
                  Ignore the LESSOPEN environment variable.
  -m  -M  ....  --long-prompt  --LONG-PROMPT
                  Set prompt style.
  -n  -N  ....  --line-numbers  --LINE-NUMBERS
                  Don't use line numbers.
  -o [file]  .  --log-file=[file]
                  Copy to log file (standard input only).
  -O [file]  .  --LOG-FILE=[file]
                  Copy to log file (unconditionally overwrite).
  -p [pattern]  --pattern=[pattern]
                  Start at pattern (from command line).
  -P [prompt]   --prompt=[prompt]
                  Define new prompt.
  -q  -Q  ....  --quiet  --QUIET  --silent --SILENT
                  Quiet the terminal bell.
  -r  -R  ....  --raw-control-chars  --RAW-CONTROL-CHARS
                  Output "raw" control characters.
  -s  ........  --squeeze-blank-lines
                  Squeeze multiple blank lines.
  -S  ........  --chop-long-lines
                  Chop (truncate) long lines rather than wrapping.
  -t [tag]  ..  --tag=[tag]
                  Find a tag.
  -T [tagsfile] --tag-file=[tagsfile]
                  Use an alternate tags file.
  -u  -U  ....  --underline-special  --UNDERLINE-SPECIAL
                  Change handling of backspaces.
  -V  ........  --version
                  Display the version number of "less".
  -w  ........  --hilite-unread
                  Highlight first new line after forward-screen.
  -W  ........  --HILITE-UNREAD
                  Highlight first new line after any forward movement.
  -x [N[,...]]  --tabs=[N[,...]]
                  Set tab stops.
  -X  ........  --no-init
                  Don't use termcap init/deinit strings.
  -y [N]  ....  --max-forw-scroll=[N]
                  Forward scroll limit.
  -z [N]  ....  --window=[N]
                  Set size of window.
  -" [c[c]]  .  --quotes=[c[c]]
                  Set shell quote characters.
  -~  ........  --tilde
                  Don't display tildes after end of file.
  -# [N]  ....  --shift=[N]
                  Set horizontal scroll amount (0 = one half screen width).
                --file-size
                  Automatically determine the size of the input file.
                --follow-name
                  The F command changes files if the input file is renamed.
                --incsearch
                  Search file as each pattern character is typed in.
                --line-num-width=N
                  Set the width of the -N line number field to N characters.
                --mouse
                  Enable mouse input.
                --no-keypad
                  Don't send termcap keypad init/deinit strings.

ngs.






 screen width).

put file.

ile is renamed.

yped in.

to N characters.



ngs.




en.
 ^K is ctrl-K.



----------------







o N).
o N).
t end-of-file.
f-window to N).
f-window to N).
itions).
itions).



s found.

nput.



----------------



ne.
ine.





en.
 ^K is ctrl-K.



----------------







o N).
o N).
t end-of-file.
f-window to N).
f-window to N).
itions).
itions).



s found.

nput.



----------------



ne.
ine.
t end-of-file.






                   SUMMARY OF LESS COMMANDS

      Commands marked with * may be preceded by a number, N.
      Notes in parentheses indicate the behavior if N is given.
      A key preceded by a caret indicates the Ctrl key; thus ^K is ctrl-K.

  h  H                 Display this help.
  q  :q  Q  :Q  ZZ     Exit.
 ---------------------------------------------------------------------------

                           MOVING

  e  ^E  j  ^N  CR  *  Forward  one line   (or N lines).
  y  ^Y  k  ^K  ^P  *  Backward one line   (or N lines).
  f  ^F  ^V  SPACE  *  Forward  one window (or N lines).
  b  ^B  ESC-v      *  Backward one window (or N lines).
  z                 *  Forward  one window (and set window to N).
  w                 *  Backward one window (and set window to N).
  ESC-SPACE         *  Forward  one window, but don't stop at end-of-file.
  d  ^D             *  Forward  one half-window (and set half-window to N).
  u  ^U             *  Backward one half-window (and set half-window to N).
  ESC-)  RightArrow *  Right one half screen width (or N positions).
  ESC-(  LeftArrow  *  Left  one half screen width (or N positions).
  ESC-}  ^RightArrow   Right to last column displayed.
  ESC-{  ^LeftArrow    Left  to first column.
  F                    Forward forever; like "tail -f".
  ESC-F                Like F but stop when search pattern is found.
  r  ^R  ^L            Repaint screen.
  R                    Repaint screen, discarding buffered input.
        ---------------------------------------------------
        Default "window" is the screen height.
        Default "half-window" is half of the screen height.
 ---------------------------------------------------------------------------

                          SEARCHING

  /pattern          *  Search forward for (N-th) matching line.
  ?pattern          *  Search backward for (N-th) matching line.
  n                 *  Repeat previous search (for N-th occurrence).
  N                 *  Repeat previous search in reverse direction.
  ESC-n             *  Repeat previous search, spanning files.
  ESC-N             *  Repeat previous search, reverse dir. & spanning files.
  ESC-u                Undo (toggle) search highlighting.
  ESC-U                Clear search highlighting.
  &pattern          *  Display only matching lines.
        ---------------------------------------------------
        A search pattern may begin with one or more of:
        ^N or !  Search for NON-matching lines.
        ^E or *  Search multiple files (pass thru END OF FILE).
        ^F or @  Start search at FIRST file (for /) or last file (for ?).
        ^K       Highlight matches, but don't move (KEEP position).
        ^R       Don't use REGULAR EXPRESSIONS.
        ^W       WRAP search if no match found.
 ---------------------------------------------------------------------------

                           JUMPING

  g  <  ESC-<       *  Go to first line in file (or line N).
  G  >  ESC->       *  Go to last line in file (or line N).
  p  %              *  Go to beginning of file (or N percent into file).
  t                 *  Go to the (N-th) next tag.
  T                 *  Go to the (N-th) previous tag.
  {  (  [           *  Find close bracket } ) ].
  }  )  ]           *  Find open bracket { ( [.
  ESC-^F <c1> <c2>  *  Find close bracket <c2>.
  ESC-^B <c1> <c2>  *  Find open bracket <c1>.
        ---------------------------------------------------
        Each "find close bracket" command goes forward to the close bracket
          matching the (N-th) open bracket in the top line.
        Each "find open bracket" command goes backward to the open bracket
          matching the (N-th) close bracket in the bottom line.

  m<letter>            Mark the current top line with <letter>.
  M<letter>            Mark the current bottom line with <letter>.
  '<letter>            Go to a previously marked position.
  ''                   Go to the previous position.
  ^X^X                 Same as '.
  ESC-M<letter>        Clear a mark.
        ---------------------------------------------------
        A mark is any upper-case or lower-case letter.
        Certain marks are predefined:
             ^  means  beginning of the file
             $  means  end of the file
 ---------------------------------------------------------------------------

                        CHANGING FILES

  :e [file]            Examine a new file.
  ^X^V                 Same as :e.
  :n                *  Examine the (N-th) next file from the command line.
  :p                *  Examine the (N-th) previous file from the command line.
  :x                *  Examine the first (or N-th) file from the command line.
  :d                   Delete the current file from the command line list.
  =  ^G  :f            Print current file name.
 ---------------------------------------------------------------------------

                    MISCELLANEOUS COMMANDS

  -<flag>              Toggle a command line option [see OPTIONS below].
  --<name>             Toggle a command line option, by name.
  _<flag>              Display the setting of a command line option.
  __<name>             Display the setting of an option, by name.
  +cmd                 Execute the less cmd each time a new file is examined.

  !command             Execute the shell command with $SHELL.
  |Xcommand            Pipe file between current pos & mark X to shell command.
  s file               Save input to a file.
  v                    Edit the current file with $VISUAL or $EDITOR.
  V                    Print version number of "less".
 ---------------------------------------------------------------------------

                           OPTIONS

        Most options may be changed either on the command line,
        or from within less by using the - or -- command.
        Options may be given in one of two forms: either a single
        character preceded by a -, or a name preceded by --.

  -?  ........  --help
                  Display help (from command line).
  -a  ........  --search-skip-screen
                  Search skips current screen.
  -A  ........  --SEARCH-SKIP-SCREEN
                  Search starts just after target line.
  -b [N]  ....  --buffers=[N]
                  Number of buffers.
  -B  ........  --auto-buffers
                  Don't automatically allocate buffers for pipes.
  -c  ........  --clear-screen
                  Repaint by clearing rather than scrolling.
  -d  ........  --dumb
                  Dumb terminal.
  -D xcolor  .  --color=xcolor
                  Set screen colors.
  -e  -E  ....  --quit-at-eof  --QUIT-AT-EOF
                  Quit at end of file.
  -f  ........  --force
                  Force open non-regular files.
  -F  ........  --quit-if-one-screen
                  Quit if entire file fits on first screen.
  -g  ........  --hilite-search
                  Highlight only last match for searches.
  -G  ........  --HILITE-SEARCH
                  Don't highlight any matches for searches.
  -h [N]  ....  --max-back-scroll=[N]
                  Backward scroll limit.
  -i  ........  --ignore-case
                  Ignore case in searches that do not contain uppercase.
  -I  ........  --IGNORE-CASE
                  Ignore case in all searches.
  -j [N]  ....  --jump-target=[N]
                  Screen position of target lines.
  -J  ........  --status-column
                  Display a status column at left edge of screen.
  -k [file]  .  --lesskey-file=[file]
                  Use a lesskey file.
  -K  ........  --quit-on-intr
                  Exit less in response to ctrl-C.
  -L  ........  --no-lessopen
                  Ignore the LESSOPEN environment variable.
  -m  -M  ....  --long-prompt  --LONG-PROMPT
                  Set prompt style.
  -n  -N  ....  --line-numbers  --LINE-NUMBERS
                  Don't use line numbers.
  -o [file]  .  --log-file=[file]
                  Copy to log file (standard input only).
  -O [file]  .  --LOG-FILE=[file]
                  Copy to log file (unconditionally overwrite).
  -p [pattern]  --pattern=[pattern]
                  Start at pattern (from command line).
  -P [prompt]   --prompt=[prompt]
                  Define new prompt.
  -q  -Q  ....  --quiet  --QUIET  --silent --SILENT
                  Quiet the terminal bell.
  -r  -R  ....  --raw-control-chars  --RAW-CONTROL-CHARS
                  Output "raw" control characters.
  -s  ........  --squeeze-blank-lines
                  Squeeze multiple blank lines.
  -S  ........  --chop-long-lines
                  Chop (truncate) long lines rather than wrapping.
  -t [tag]  ..  --tag=[tag]
                  Find a tag.
  -T [tagsfile] --tag-file=[tagsfile]
                  Use an alternate tags file.
  -u  -U  ....  --underline-special  --UNDERLINE-SPECIAL
                  Change handling of backspaces.
  -V  ........  --version
                  Display the version number of "less".
  -w  ........  --hilite-unread
                  Highlight first new line after forward-screen.
  -W  ........  --HILITE-UNREAD
                  Highlight first new line after any forward movement.
  -x [N[,...]]  --tabs=[N[,...]]
                  Set tab stops.
  -X  ........  --no-init
                  Don't use termcap init/deinit strings.
  -y [N]  ....  --max-forw-scroll=[N]
                  Forward scroll limit.
  -z [N]  ....  --window=[N]
                  Set size of window.
  -" [c[c]]  .  --quotes=[c[c]]
                  Set shell quote characters.
  -~  ........  --tilde
                  Don't display tildes after end of file.
  -# [N]  ....  --shift=[N]
                  Set horizontal scroll amount (0 = one half screen width).
                --file-size
                  Automatically determine the size of the input file.
                --follow-name
                  The F command changes files if the input file is renamed.
                --incsearch
                  Search file as each pattern character is typed in.
                --line-num-width=N
                  Set the width of the -N line number field to N characters.
                --mouse
                  Enable mouse input.
                --no-keypad
                  Don't send termcap keypad init/deinit strings.
                  Chop (truncate) long lines rather than wrapping.
  -t [tag]  ..  --tag=[tag]
                  Find a tag.
  -T [tagsfile] --tag-file=[tagsfile]
                  Use an alternate tags file.
  -u  -U  ....  --underline-special  --UNDERLINE-SPECIAL
                  Change handling of backspaces.
  -V  ........  --version
                  Display the version number of "less".
  -w  ........  --hilite-unread
                  Highlight first new line after forward-screen.
  -W  ........  --HILITE-UNREAD
                  Highlight first new line after any forward movement.
  -x [N[,...]]  --tabs=[N[,...]]
                  Set tab stops.
  -X  ........  --no-init
                  Don't use termcap init/deinit strings.
  -y [N]  ....  --max-forw-scroll=[N]
                  Forward scroll limit.
  -z [N]  ....  --window=[N]
                  Set size of window.
  -" [c[c]]  .  --quotes=[c[c]]
                  Set shell quote characters.
  -~  ........  --tilde
                  Don't display tildes after end of file.
  -# [N]  ....  --shift=[N]
                  Set horizontal scroll amount (0 = one half screen width).
                --file-size
                  Automatically determine the size of the input file.
                --follow-name
                  The F command changes files if the input file is renamed.
                --incsearch
                  Search file as each pattern character is typed in.
                --line-num-width=N
                  Set the width of the -N line number field to N characters.
                --mouse
                  Enable mouse input.
                --no-keypad
                  Don't send termcap keypad init/deinit strings.
                --no-histdups
                  Remove duplicates from command history.
                --rscroll=C
                  Set the character used to mark truncated lines.
                --save-marks
                  Retain marks across invocations of less.
                --status-col-width=N
                  Set the width of the -J status column to N characters.
                --use-backslash
                  Subsequent options use backslash as escape char.
                --use-color
                  Enables colored text.
                --wheel-lines=N
                  Each click of the mouse wheel moves N lines.


 ---------------------------------------------------------------------------

                          LINE EDITING

        These keys can be used to edit text being entered
        on the "command line" at the bottom of the screen.

 RightArrow ..................... ESC-l ... Move cursor right one character.
 LeftArrow ...................... ESC-h ... Move cursor left one character.
 ctrl-RightArrow  ESC-RightArrow  ESC-w ... Move cursor right one word.
 ctrl-LeftArrow   ESC-LeftArrow   ESC-b ... Move cursor left one word.
 HOME ........................... ESC-0 ... Move cursor to start of line.
 END ............................ ESC-$ ... Move cursor to end of line.
 BACKSPACE ................................ Delete char to left of cursor.
 DELETE ......................... ESC-x ... Delete char under cursor.
 ctrl-BACKSPACE   ESC-BACKSPACE ........... Delete word to left of cursor.
 ctrl-DELETE .... ESC-DELETE .... ESC-X ... Delete word under cursor.
 ctrl-U ......... ESC (MS-DOS only) ....... Delete entire line.
 UpArrow ........................ ESC-k ... Retrieve previous command line.
 DownArrow ...................... ESC-j ... Retrieve next command line.
 TAB ...................................... Complete filename & cycle.
 SHIFT-TAB ...................... ESC-TAB   Complete filename & reverse cycle.
 ctrl-L ................................... Complete filename, list all.
HELP -- END -- Press g to see it again, or q when done...skipping...
Date:   Thu Nov 10 15:11:37 2022 +0700

    commit Ketujuh

commit bff022e4874b7f8a59c39f2da66541b402e370f7
Author: calvin <albertus.calvin@ti.ukdw.ac.id>
Date:   Thu Nov 10 15:10:42 2022 +0700

    commit Keenam

commit 6620f8f2f15503624297634a6c8d4e132bfed3ec
Author: calvin <albertus.calvin@ti.ukdw.ac.id>
Date:   Thu Nov 10 15:09:08 2022 +0700

    commit kelima

commit 162f0eba5ab17257997cdbe47a22c566cd59c42d
Author: calvin <albertus.calvin@ti.ukdw.ac.id>
Date:   Thu Nov 10 15:06:08 2022 +0700

    commit keempat

commit 002d0352f6a95d0d0417be048069a9cadada86dd
Author: calvin <albertus.calvin@ti.ukdw.ac.id>
Date:   Thu Nov 10 15:03:46 2022 +0700

    commit ketiga

commit 0dd73b03c0a77239f2b755d814952e5ee25caa3e
Author: calvin <albertus.calvin@ti.ukdw.ac.id>
Date:   Thu Nov 10 14:50:33 2022 +0700

    commit kedua

commit 4560ca38f01b467d678b162ccb5ea3517a99312d
Author: calvin <albertus.calvin@ti.ukdw.ac.id>
Date:   Thu Nov 10 14:46:06 2022 +0700

    commit pertama

D:\Belajar Git\belajar-git>git dif 162f0eba5ab17257997cdbe47a22c566cd59c42d 002d0352f6a95d0d0417be048069a9cadada86dd
git: 'dif' is not a git command. See 'git --help'.

The most similar commands are
        diff
        config
        difftool
        init

D:\Belajar Git\belajar-git>
D:\Belajar Git\belajar-git>git status
On branch master
nothing to commit, working tree clean

D:\Belajar Git\belajar-git>git diff

D:\Belajar Git\belajar-git>git diff 0dd73b03c0a77239f2b755d814952e5ee25caa3e 4560ca38f01b467d678b162ccb5ea3517a99312d
diff --git a/readme.txt b/readme.txt
index 9e7ec35..e69de29 100644
--- a/readme.txt
+++ b/readme.txt
@@ -1 +0,0 @@
-Belajar GIT dengan semangat

D:\Belajar Git\belajar-git>git diff bff022e4874b7f8a59c39f2da66541b402e370f7 6620f8f2f15503624297634a6c8d4e132bfed3ec
diff --git a/readme.txt b/readme.txt
index 3ed9115..362e8a2 100644
--- a/readme.txt
+++ b/readme.txt
@@ -6,4 +6,4 @@ KAMU NANYEEAAA?

 odkaodkodk

-aseloleeee
\ No newline at end of file
+
\ No newline at end of file

D:\Belajar Git\belajar-git>git status
On branch master
Changes not staged for commit:
  (use "git add <file>..." to update what will be committed)
  (use "git restore <file>..." to discard changes in working directory)
        modified:   readme.txt

no changes added to commit (use "git add" and/or "git commit -a")

D:\Belajar Git\belajar-git>git checkout readme.txt
Updated 1 path from the index

D:\Belajar Git\belajar-git>git status
On branch master
nothing to commit, working tree clean

D:\Belajar Git\belajar-git>git restore readme.txtx
error: pathspec 'readme.txtx' did not match any file(s) known to git

D:\Belajar Git\belajar-git>git restore readme.txtx
error: pathspec 'readme.txtx' did not match any file(s) known to git

D:\Belajar Git\belajar-git>git restore readme.txt

D:\Belajar Git\belajar-git>git status
On branch master
nothing to commit, working tree clean

D:\Belajar Git\belajar-git>git add readme.txt

D:\Belajar Git\belajar-git>git status
On branch master
nothing to commit, working tree clean

D:\Belajar Git\belajar-git>git status
On branch master
Changes not staged for commit:
  (use "git add <file>..." to update what will be committed)
  (use "git restore <file>..." to discard changes in working directory)
        modified:   readme.txt

no changes added to commit (use "git add" and/or "git commit -a")

D:\Belajar Git\belajar-git>git checkout readme.txt
Updated 1 path from the index

D:\Belajar Git\belajar-git>git status
On branch master
nothing to commit, working tree clean

D:\Belajar Git\belajar-git>git restore readme.txt

D:\Belajar Git\belajar-git>git add readme.txt

D:\Belajar Git\belajar-git>git status
On branch master
nothing to commit, working tree clean

D:\Belajar Git\belajar-git>git reset readme.txt

D:\Belajar Git\belajar-git>git status
On branch master
nothing to commit, working tree clean

D:\Belajar Git\belajar-git>git checkout readme.txt
Updated 0 paths from the index

D:\Belajar Git\belajar-git>git status
On branch master
nothing to commit, working tree clean

D:\Belajar Git\belajar-git>git add readme.txt

D:\Belajar Git\belajar-git>git commit -m "hapus semua"
On branch master
nothing to commit, working tree clean

D:\Belajar Git\belajar-git>git status
On branch master
nothing to commit, working tree clean

D:\Belajar Git\belajar-git>git log
commit eea4ba2a4f5e71391824cbc1d80b822a691ed5f3 (HEAD -> master)
Author: calvin <albertus.calvin@ti.ukdw.ac.id>
Date:   Thu Nov 10 15:13:04 2022 +0700

    commit kedelapan

commit af4251cf2550715872c6d0625d36ca58cb3efce2
Author: calvin <albertus.calvin@ti.ukdw.ac.id>
Date:   Thu Nov 10 15:11:37 2022 +0700

    commit Ketujuh

commit bff022e4874b7f8a59c39f2da66541b402e370f7
Author: calvin <albertus.calvin@ti.ukdw.ac.id>
Date:   Thu Nov 10 15:10:42 2022 +0700

    commit Keenam

commit 6620f8f2f15503624297634a6c8d4e132bfed3ec
Author: calvin <albertus.calvin@ti.ukdw.ac.id>
Date:   Thu Nov 10 15:09:08 2022 +0700

    commit kelima

commit 162f0eba5ab17257997cdbe47a22c566cd59c42d
Author: calvin <albertus.calvin@ti.ukdw.ac.id>
Date:   Thu Nov 10 15:06:08 2022 +0700

    commit keempat

commit 002d0352f6a95d0d0417be048069a9cadada86dd
Author: calvin <albertus.calvin@ti.ukdw.ac.id>
Date:   Thu Nov 10 15:03:46 2022 +0700

    commit ketiga

commit 0dd73b03c0a77239f2b755d814952e5ee25caa3e
Author: calvin <albertus.calvin@ti.ukdw.ac.id>
Date:   Thu Nov 10 14:50:33 2022 +0700

    commit kedua

commit 4560ca38f01b467d678b162ccb5ea3517a99312d
Author: calvin <albertus.calvin@ti.ukdw.ac.id>
Date:   Thu Nov 10 14:46:06 2022 +0700

    commit pertama

D:\Belajar Git\belajar-git>git checkout eea4ba2a4f5e71391824cbc1d80b822a691ed5f3 readme.txt
Updated 0 paths from 3b0037c

D:\Belajar Git\belajar-git>git status
On branch master
nothing to commit, working tree clean

D:\Belajar Git\belajar-git>git checkout eea4ba2a4f5e71391824cbc1d80b822a691ed5f3 readme.txt
Updated 0 paths from 3b0037c

D:\Belajar Git\belajar-git>git status
On branch master
nothing to commit, working tree clean

D:\Belajar Git\belajar-git>git reset readme.txt

D:\Belajar Git\belajar-git>git status
On branch master
nothing to commit, working tree clean

D:\Belajar Git\belajar-git>git add readme.txt

D:\Belajar Git\belajar-git>git commit -m "kembalikan semuanya"
On branch master
nothing to commit, working tree clean

D:\Belajar Git\belajar-git>git status
On branch master
nothing to commit, working tree clean

D:\Belajar Git\belajar-git>git log
commit eea4ba2a4f5e71391824cbc1d80b822a691ed5f3 (HEAD -> master)
Author: calvin <albertus.calvin@ti.ukdw.ac.id>
Date:   Thu Nov 10 15:13:04 2022 +0700

    commit kedelapan

commit af4251cf2550715872c6d0625d36ca58cb3efce2
Author: calvin <albertus.calvin@ti.ukdw.ac.id>
Date:   Thu Nov 10 15:11:37 2022 +0700

    commit Ketujuh

commit bff022e4874b7f8a59c39f2da66541b402e370f7
Author: calvin <albertus.calvin@ti.ukdw.ac.id>
Date:   Thu Nov 10 15:10:42 2022 +0700

    commit Keenam

commit 6620f8f2f15503624297634a6c8d4e132bfed3ec
Author: calvin <albertus.calvin@ti.ukdw.ac.id>
Date:   Thu Nov 10 15:09:08 2022 +0700

    commit kelima

commit 162f0eba5ab17257997cdbe47a22c566cd59c42d
Author: calvin <albertus.calvin@ti.ukdw.ac.id>
Date:   Thu Nov 10 15:06:08 2022 +0700

    commit keempat

commit 002d0352f6a95d0d0417be048069a9cadada86dd
Author: calvin <albertus.calvin@ti.ukdw.ac.id>
Date:   Thu Nov 10 15:03:46 2022 +0700

    commit ketiga

commit 0dd73b03c0a77239f2b755d814952e5ee25caa3e
Author: calvin <albertus.calvin@ti.ukdw.ac.id>
Date:   Thu Nov 10 14:50:33 2022 +0700

    commit kedua

commit 4560ca38f01b467d678b162ccb5ea3517a99312d
Author: calvin <albertus.calvin@ti.ukdw.ac.id>
Date:   Thu Nov 10 14:46:06 2022 +0700

    commit pertama

D:\Belajar Git\belajar-git>git remote add origin https://github.com/albertuscalvin/belajar-git.git

D:\Belajar Git\belajar-git>git push github master
fatal: 'github' does not appear to be a git repository
fatal: Could not read from remote repository.

Please make sure you have the correct access rights
and the repository exists.

D:\Belajar Git\belajar-git>git push -u origin master
info: please complete authentication in your browser...
Enumerating objects: 24, done.
Counting objects: 100% (24/24), done.
Delta compression using up to 8 threads
Compressing objects: 100% (14/14), done.
Writing objects: 100% (24/24), 1.82 KiB | 373.00 KiB/s, done.
Total 24 (delta 5), reused 0 (delta 0), pack-reused 0
remote: Resolving deltas: 100% (5/5), done.
To https://github.com/albertuscalvin/belajar-git.git
 * [new branch]      master -> master
Branch 'master' set up to track remote branch 'master' from 'origin'.

D:\Belajar Git\belajar-git>git status
On branch master
Your branch is up to date with 'origin/master'.

Changes not staged for commit:
  (use "git add <file>..." to update what will be committed)
  (use "git restore <file>..." to discard changes in working directory)
        modified:   readme.txt

no changes added to commit (use "git add" and/or "git commit -a")

D:\Belajar Git\belajar-git>git add readme.txt

D:\Belajar Git\belajar-git>git commit -m "Tambahan terakhir"
[master 295d6da] Tambahan terakhir
 1 file changed, 4 insertions(+), 1 deletion(-)

D:\Belajar Git\belajar-git>git push
Enumerating objects: 5, done.
Counting objects: 100% (5/5), done.
Delta compression using up to 8 threads
Compressing objects: 100% (2/2), done.
Writing objects: 100% (3/3), 284 bytes | 284.00 KiB/s, done.
Total 3 (delta 1), reused 0 (delta 0), pack-reused 0
remote: Resolving deltas: 100% (1/1), completed with 1 local object.
To https://github.com/albertuscalvin/belajar-git.git
   eea4ba2..295d6da  master -> master

D:\Belajar Git\belajar-git>